[T5 1/17] t5_0 sample 1/5
Fetching 16 files:   0%|          | 0/16 [00:00<?, ?it/s]Fetching 16 files: 100%|██████████| 16/16 [00:00<00:00, 1946.93it/s]
INFO:assistants.base_assistant:Initialized GraniteQiskitAssistant with model /mnt/zgx2-shared/AS-HybridQuantumBench/runs/quantumbencheval_t1-6/granite32-v3/cache/hub/models--Qiskit--granite-3.2-8b-qiskit/snapshots/8b0f1cd27b6a15fbacb8d6e9ad11fbcf328f3188
INFO:assistants.granite_qiskit_assistant:Loading tokenizer from /mnt/zgx2-shared/AS-HybridQuantumBench/runs/quantumbencheval_t1-6/granite32-v3/cache/hub/models--Qiskit--granite-3.2-8b-qiskit/snapshots/8b0f1cd27b6a15fbacb8d6e9ad11fbcf328f3188
INFO:assistants.granite_qiskit_assistant:Loading model on cuda:0 with bfloat16 precision
`torch_dtype` is deprecated! Use `dtype` instead!
/mnt/zgx2-shared/AS-HybridQuantumBench/.venv/lib/python3.12/site-packages/torch/cuda/__init__.py:283: UserWarning: 
    Found GPU0 NVIDIA GB10 which is of cuda capability 12.1.
    Minimum and Maximum cuda capability supported by this version of PyTorch is
    (8.0) - (12.0)
    
  warnings.warn(
Loading weights:   0%|          | 0/362 [00:00<?, ?it/s]Loading weights:   4%|▎         | 13/362 [00:00<00:02, 126.86it/s]Loading weights:  11%|█         | 39/362 [00:00<00:01, 202.27it/s]Loading weights:  18%|█▊        | 66/362 [00:00<00:01, 226.70it/s]Loading weights:  26%|██▌       | 93/362 [00:00<00:01, 238.40it/s]Loading weights:  33%|███▎      | 120/362 [00:00<00:00, 243.69it/s]Loading weights:  41%|████▏     | 150/362 [00:00<00:00, 255.28it/s]Loading weights:  49%|████▉     | 179/362 [00:00<00:00, 264.24it/s]Loading weights:  58%|█████▊    | 210/362 [00:00<00:00, 267.56it/s]Loading weights:  66%|██████▌   | 239/362 [00:00<00:00, 269.20it/s]Loading weights:  73%|███████▎  | 266/362 [00:01<00:00, 268.32it/s]Loading weights:  82%|████████▏ | 297/362 [00:01<00:00, 277.04it/s]Loading weights:  90%|█████████ | 327/362 [00:01<00:00, 277.12it/s]Loading weights:  98%|█████████▊| 356/362 [00:01<00:00, 276.92it/s]Loading weights: 100%|██████████| 362/362 [00:01<00:00, 263.25it/s]
INFO:assistants.granite_qiskit_assistant:Successfully initialized Granite-8B-Qiskit on cuda:0
INFO:assistants.granite_qiskit_assistant:Generated sample 1/1 successfully
[T5 1/17] t5_0 sample 2/5
INFO:assistants.granite_qiskit_assistant:Generated sample 1/1 successfully
[T5 1/17] t5_0 sample 3/5
INFO:assistants.granite_qiskit_assistant:Generated sample 1/1 successfully
[T5 1/17] t5_0 sample 4/5
INFO:assistants.granite_qiskit_assistant:Generated sample 1/1 successfully
[T5 1/17] t5_0 sample 5/5
INFO:assistants.granite_qiskit_assistant:Generated sample 1/1 successfully
[T5 2/17] t5_1 sample 1/5
INFO:assistants.granite_qiskit_assistant:Generated sample 1/1 successfully
[T5 2/17] t5_1 sample 2/5
INFO:assistants.granite_qiskit_assistant:Generated sample 1/1 successfully
[T5 2/17] t5_1 sample 3/5
INFO:assistants.granite_qiskit_assistant:Generated sample 1/1 successfully
[T5 2/17] t5_1 sample 4/5
INFO:assistants.granite_qiskit_assistant:Generated sample 1/1 successfully
[T5 2/17] t5_1 sample 5/5
INFO:assistants.granite_qiskit_assistant:Generated sample 1/1 successfully
[T5 3/17] t5_2 sample 1/5
INFO:assistants.granite_qiskit_assistant:Generated sample 1/1 successfully
[T5 3/17] t5_2 sample 2/5
INFO:assistants.granite_qiskit_assistant:Generated sample 1/1 successfully
[T5 3/17] t5_2 sample 3/5
INFO:assistants.granite_qiskit_assistant:Generated sample 1/1 successfully
[T5 3/17] t5_2 sample 4/5
INFO:assistants.granite_qiskit_assistant:Generated sample 1/1 successfully
[T5 3/17] t5_2 sample 5/5
INFO:assistants.granite_qiskit_assistant:Generated sample 1/1 successfully
[T5 4/17] t5_3 sample 1/5
INFO:assistants.granite_qiskit_assistant:Generated sample 1/1 successfully
[T5 4/17] t5_3 sample 2/5
INFO:assistants.granite_qiskit_assistant:Generated sample 1/1 successfully
[T5 4/17] t5_3 sample 3/5
INFO:assistants.granite_qiskit_assistant:Generated sample 1/1 successfully
[T5 4/17] t5_3 sample 4/5
INFO:assistants.granite_qiskit_assistant:Generated sample 1/1 successfully
[T5 4/17] t5_3 sample 5/5
INFO:assistants.granite_qiskit_assistant:Generated sample 1/1 successfully
[T5 5/17] t5_4 sample 1/5
INFO:assistants.granite_qiskit_assistant:Generated sample 1/1 successfully
[T5 5/17] t5_4 sample 2/5
INFO:assistants.granite_qiskit_assistant:Generated sample 1/1 successfully
[T5 5/17] t5_4 sample 3/5
INFO:assistants.granite_qiskit_assistant:Generated sample 1/1 successfully
[T5 5/17] t5_4 sample 4/5
INFO:assistants.granite_qiskit_assistant:Generated sample 1/1 successfully
[T5 5/17] t5_4 sample 5/5
INFO:assistants.granite_qiskit_assistant:Generated sample 1/1 successfully
[T5 6/17] t5_5 sample 1/5
INFO:assistants.granite_qiskit_assistant:Generated sample 1/1 successfully
[T5 6/17] t5_5 sample 2/5
INFO:assistants.granite_qiskit_assistant:Generated sample 1/1 successfully
[T5 6/17] t5_5 sample 3/5
INFO:assistants.granite_qiskit_assistant:Generated sample 1/1 successfully
[T5 6/17] t5_5 sample 4/5
INFO:assistants.granite_qiskit_assistant:Generated sample 1/1 successfully
[T5 6/17] t5_5 sample 5/5
INFO:assistants.granite_qiskit_assistant:Generated sample 1/1 successfully
[T5 7/17] t5_6 sample 1/5
INFO:assistants.granite_qiskit_assistant:Generated sample 1/1 successfully
[T5 7/17] t5_6 sample 2/5
INFO:assistants.granite_qiskit_assistant:Generated sample 1/1 successfully
[T5 7/17] t5_6 sample 3/5
INFO:assistants.granite_qiskit_assistant:Generated sample 1/1 successfully
[T5 7/17] t5_6 sample 4/5
INFO:assistants.granite_qiskit_assistant:Generated sample 1/1 successfully
[T5 7/17] t5_6 sample 5/5
INFO:assistants.granite_qiskit_assistant:Generated sample 1/1 successfully
[T5 8/17] t5_7 sample 1/5
INFO:assistants.granite_qiskit_assistant:Generated sample 1/1 successfully
[T5 8/17] t5_7 sample 2/5
INFO:assistants.granite_qiskit_assistant:Generated sample 1/1 successfully
[T5 8/17] t5_7 sample 3/5
INFO:assistants.granite_qiskit_assistant:Generated sample 1/1 successfully
[T5 8/17] t5_7 sample 4/5
INFO:assistants.granite_qiskit_assistant:Generated sample 1/1 successfully
[T5 8/17] t5_7 sample 5/5
INFO:assistants.granite_qiskit_assistant:Generated sample 1/1 successfully
[T5 9/17] t5_8 sample 1/5
INFO:assistants.granite_qiskit_assistant:Generated sample 1/1 successfully
[T5 9/17] t5_8 sample 2/5
INFO:assistants.granite_qiskit_assistant:Generated sample 1/1 successfully
[T5 9/17] t5_8 sample 3/5
INFO:assistants.granite_qiskit_assistant:Generated sample 1/1 successfully
[T5 9/17] t5_8 sample 4/5
INFO:assistants.granite_qiskit_assistant:Generated sample 1/1 successfully
[T5 9/17] t5_8 sample 5/5
INFO:assistants.granite_qiskit_assistant:Generated sample 1/1 successfully
[T5 10/17] t5_9 sample 1/5
INFO:assistants.granite_qiskit_assistant:Generated sample 1/1 successfully
[T5 10/17] t5_9 sample 2/5
INFO:assistants.granite_qiskit_assistant:Generated sample 1/1 successfully
[T5 10/17] t5_9 sample 3/5
INFO:assistants.granite_qiskit_assistant:Generated sample 1/1 successfully
[T5 10/17] t5_9 sample 4/5
INFO:assistants.granite_qiskit_assistant:Generated sample 1/1 successfully
[T5 10/17] t5_9 sample 5/5
INFO:assistants.granite_qiskit_assistant:Generated sample 1/1 successfully
[T5 11/17] t5_10 sample 1/5
INFO:assistants.granite_qiskit_assistant:Generated sample 1/1 successfully
[T5 11/17] t5_10 sample 2/5
INFO:assistants.granite_qiskit_assistant:Generated sample 1/1 successfully
[T5 11/17] t5_10 sample 3/5
INFO:assistants.granite_qiskit_assistant:Generated sample 1/1 successfully
[T5 11/17] t5_10 sample 4/5
INFO:assistants.granite_qiskit_assistant:Generated sample 1/1 successfully
[T5 11/17] t5_10 sample 5/5
INFO:assistants.granite_qiskit_assistant:Generated sample 1/1 successfully
[T5 12/17] t5_11 sample 1/5
INFO:assistants.granite_qiskit_assistant:Generated sample 1/1 successfully
[T5 12/17] t5_11 sample 2/5
INFO:assistants.granite_qiskit_assistant:Generated sample 1/1 successfully
[T5 12/17] t5_11 sample 3/5
INFO:assistants.granite_qiskit_assistant:Generated sample 1/1 successfully
[T5 12/17] t5_11 sample 4/5
INFO:assistants.granite_qiskit_assistant:Generated sample 1/1 successfully
[T5 12/17] t5_11 sample 5/5
INFO:assistants.granite_qiskit_assistant:Generated sample 1/1 successfully
[T5 13/17] t5_12 sample 1/5
INFO:assistants.granite_qiskit_assistant:Generated sample 1/1 successfully
[T5 13/17] t5_12 sample 2/5
INFO:assistants.granite_qiskit_assistant:Generated sample 1/1 successfully
[T5 13/17] t5_12 sample 3/5
INFO:assistants.granite_qiskit_assistant:Generated sample 1/1 successfully
[T5 13/17] t5_12 sample 4/5
INFO:assistants.granite_qiskit_assistant:Generated sample 1/1 successfully
[T5 13/17] t5_12 sample 5/5
INFO:assistants.granite_qiskit_assistant:Generated sample 1/1 successfully
[T5 14/17] t5_13 sample 1/5
INFO:assistants.granite_qiskit_assistant:Generated sample 1/1 successfully
[T5 14/17] t5_13 sample 2/5
INFO:assistants.granite_qiskit_assistant:Generated sample 1/1 successfully
[T5 14/17] t5_13 sample 3/5
INFO:assistants.granite_qiskit_assistant:Generated sample 1/1 successfully
[T5 14/17] t5_13 sample 4/5
INFO:assistants.granite_qiskit_assistant:Generated sample 1/1 successfully
[T5 14/17] t5_13 sample 5/5
INFO:assistants.granite_qiskit_assistant:Generated sample 1/1 successfully
[T5 15/17] t5_14 sample 1/5
INFO:assistants.granite_qiskit_assistant:Generated sample 1/1 successfully
[T5 15/17] t5_14 sample 2/5
INFO:assistants.granite_qiskit_assistant:Generated sample 1/1 successfully
[T5 15/17] t5_14 sample 3/5
INFO:assistants.granite_qiskit_assistant:Generated sample 1/1 successfully
[T5 15/17] t5_14 sample 4/5
INFO:assistants.granite_qiskit_assistant:Generated sample 1/1 successfully
[T5 15/17] t5_14 sample 5/5
INFO:assistants.granite_qiskit_assistant:Generated sample 1/1 successfully
[T5 16/17] t5_15 sample 1/5
INFO:assistants.granite_qiskit_assistant:Generated sample 1/1 successfully
[T5 16/17] t5_15 sample 2/5
INFO:assistants.granite_qiskit_assistant:Generated sample 1/1 successfully
[T5 16/17] t5_15 sample 3/5
INFO:assistants.granite_qiskit_assistant:Generated sample 1/1 successfully
[T5 16/17] t5_15 sample 4/5
INFO:assistants.granite_qiskit_assistant:Generated sample 1/1 successfully
[T5 16/17] t5_15 sample 5/5
INFO:assistants.granite_qiskit_assistant:Generated sample 1/1 successfully
[T5 17/17] t5_16 sample 1/5
INFO:assistants.granite_qiskit_assistant:Generated sample 1/1 successfully
[T5 17/17] t5_16 sample 2/5
INFO:assistants.granite_qiskit_assistant:Generated sample 1/1 successfully
[T5 17/17] t5_16 sample 3/5
INFO:assistants.granite_qiskit_assistant:Generated sample 1/1 successfully
[T5 17/17] t5_16 sample 4/5
INFO:assistants.granite_qiskit_assistant:Generated sample 1/1 successfully
[T5 17/17] t5_16 sample 5/5
INFO:assistants.granite_qiskit_assistant:Generated sample 1/1 successfully
{"status": "completed", "counts": {"candidate_unsupported_import": 47, "truncated": 6, "candidate_error": 32}, "expected_samples": 85, "fingerprint": "37b51888bc456b243565384ebe7ac7e6e58fa4a1ee9d8f0d74efc00875eff09a", "execution_status_counts": {"candidate_error": 32, "candidate_unsupported_import": 47, "not_executed": 6}, "unsupported_import_modules": {"qiskit_algorithms.converters": 2, "qiskit.algorithms": 9, "qiskit.circuit.library.QAOA": 6, "qiskit.Aer": 3, "qiskit_algorithms.problems": 5, "qiskit_algorithms.optimization": 1, "qiskit_optimization.algorithms.MaximumIndependentSet": 4, "qiskit.transpiler.passes.Unroller": 1, "qiskit_algorithms.circuit": 1, "qiskit_optimization.algorithms.MinimumVertexCover": 1, "qiskit_optimization.algorithms.QAOA": 2, "qiskit_optimization.QiskitOptimization": 1, "qiskit.providers.aer": 1, "pennylane.qaoa.QAOA": 1, "qiskit_algorithms.GroverOperator": 1, "qiskit.optimization": 2, "qiskit_algorithms.converter": 1, "qiskit_optimization.algorithms.MinimumVertexCoverAlgorithm": 1, "PennyLane": 1, "qiskit_algorithms.templates": 1, "qiskit.aqua": 1, "qiskit_ibm_runtime": 1}, "pass_at_k": {"1": 0.0, "5": 0.0}, "denominator_policy": "All completed requested sample slots; empty/truncated/incomplete count as unsuccessful and retain distinct statuses. Infrastructure failures abort and are not scored."}
