[T6 1/17] t6_0 sample 1/5
Fetching 16 files:   0%|          | 0/16 [00:00<?, ?it/s]INFO:httpx:HTTP Request: GET https://huggingface.co/api/agent-harnesses "HTTP/1.1 200 OK"
INFO:httpx:HTTP Request: GET https://huggingface.co/api/agent-harnesses "HTTP/1.1 200 OK"
INFO:httpx:HTTP Request: GET https://huggingface.co/api/agent-harnesses "HTTP/1.1 200 OK"
INFO:httpx:HTTP Request: GET https://huggingface.co/api/agent-harnesses "HTTP/1.1 200 OK"
Fetching 16 files:   6%|▋         | 1/16 [00:00<00:02,  6.44it/s]INFO:httpx:HTTP Request: GET https://huggingface.co/api/agent-harnesses "HTTP/1.1 200 OK"
INFO:httpx:HTTP Request: GET https://huggingface.co/api/agent-harnesses "HTTP/1.1 200 OK"
INFO:httpx:HTTP Request: GET https://huggingface.co/api/agent-harnesses "HTTP/1.1 200 OK"
INFO:httpx:HTTP Request: GET https://huggingface.co/api/agent-harnesses "HTTP/1.1 200 OK"
Fetching 16 files: 100%|██████████| 16/16 [00:00<00:00, 97.16it/s]
INFO:assistants.base_assistant:Initialized GraniteQiskitAssistant with model /mnt/zgx2-shared/AS-HybridQuantumBench/runs/quantumbencheval_t1-6/granite32-v3/cache/hub/models--Qiskit--granite-3.2-8b-qiskit/snapshots/8b0f1cd27b6a15fbacb8d6e9ad11fbcf328f3188
INFO:assistants.granite_qiskit_assistant:Loading tokenizer from /mnt/zgx2-shared/AS-HybridQuantumBench/runs/quantumbencheval_t1-6/granite32-v3/cache/hub/models--Qiskit--granite-3.2-8b-qiskit/snapshots/8b0f1cd27b6a15fbacb8d6e9ad11fbcf328f3188
INFO:assistants.granite_qiskit_assistant:Loading model on cuda:0 with bfloat16 precision
`torch_dtype` is deprecated! Use `dtype` instead!
/mnt/zgx2-shared/AS-HybridQuantumBench/.venv/lib/python3.12/site-packages/torch/cuda/__init__.py:283: UserWarning: 
    Found GPU0 NVIDIA GB10 which is of cuda capability 12.1.
    Minimum and Maximum cuda capability supported by this version of PyTorch is
    (8.0) - (12.0)
    
  warnings.warn(
Loading weights:   0%|          | 0/362 [00:00<?, ?it/s]Loading weights:   4%|▍         | 14/362 [00:00<00:03, 114.58it/s]Loading weights:  11%|█▏        | 41/362 [00:00<00:01, 191.91it/s]Loading weights:  19%|█▊        | 67/362 [00:00<00:01, 213.28it/s]Loading weights:  26%|██▌       | 95/362 [00:00<00:01, 228.71it/s]Loading weights:  33%|███▎      | 121/362 [00:00<00:01, 235.69it/s]Loading weights:  41%|████      | 147/362 [00:00<00:00, 232.45it/s]Loading weights:  47%|████▋     | 171/362 [00:00<00:00, 226.85it/s]Loading weights:  54%|█████▍    | 197/362 [00:00<00:00, 231.95it/s]Loading weights:  61%|██████    | 221/362 [00:00<00:00, 234.26it/s]Loading weights:  68%|██████▊   | 246/362 [00:01<00:00, 228.26it/s]Loading weights:  75%|███████▌  | 273/362 [00:01<00:00, 236.33it/s]Loading weights:  84%|████████▍ | 305/362 [00:01<00:00, 252.32it/s]Loading weights:  93%|█████████▎| 336/362 [00:01<00:00, 259.17it/s]Loading weights: 100%|██████████| 362/362 [00:01<00:00, 240.29it/s]
INFO:assistants.granite_qiskit_assistant:Successfully initialized Granite-8B-Qiskit on cuda:0
INFO:assistants.granite_qiskit_assistant:Generated sample 1/1 successfully
[T6 1/17] t6_0 sample 2/5
INFO:assistants.granite_qiskit_assistant:Generated sample 1/1 successfully
[T6 1/17] t6_0 sample 3/5
INFO:assistants.granite_qiskit_assistant:Generated sample 1/1 successfully
[T6 1/17] t6_0 sample 4/5
INFO:assistants.granite_qiskit_assistant:Generated sample 1/1 successfully
[T6 1/17] t6_0 sample 5/5
INFO:assistants.granite_qiskit_assistant:Generated sample 1/1 successfully
[T6 2/17] t6_1 sample 1/5
INFO:assistants.granite_qiskit_assistant:Generated sample 1/1 successfully
[T6 2/17] t6_1 sample 2/5
INFO:assistants.granite_qiskit_assistant:Generated sample 1/1 successfully
[T6 2/17] t6_1 sample 3/5
INFO:assistants.granite_qiskit_assistant:Generated sample 1/1 successfully
[T6 2/17] t6_1 sample 4/5
INFO:assistants.granite_qiskit_assistant:Generated sample 1/1 successfully
[T6 2/17] t6_1 sample 5/5
INFO:assistants.granite_qiskit_assistant:Generated sample 1/1 successfully
[T6 3/17] t6_2 sample 1/5
INFO:assistants.granite_qiskit_assistant:Generated sample 1/1 successfully
[T6 3/17] t6_2 sample 2/5
INFO:assistants.granite_qiskit_assistant:Generated sample 1/1 successfully
[T6 3/17] t6_2 sample 3/5
INFO:assistants.granite_qiskit_assistant:Generated sample 1/1 successfully
[T6 3/17] t6_2 sample 4/5
INFO:assistants.granite_qiskit_assistant:Generated sample 1/1 successfully
[T6 3/17] t6_2 sample 5/5
INFO:assistants.granite_qiskit_assistant:Generated sample 1/1 successfully
[T6 4/17] t6_3 sample 1/5
INFO:assistants.granite_qiskit_assistant:Generated sample 1/1 successfully
[T6 4/17] t6_3 sample 2/5
INFO:assistants.granite_qiskit_assistant:Generated sample 1/1 successfully
[T6 4/17] t6_3 sample 3/5
INFO:assistants.granite_qiskit_assistant:Generated sample 1/1 successfully
[T6 4/17] t6_3 sample 4/5
INFO:assistants.granite_qiskit_assistant:Generated sample 1/1 successfully
[T6 4/17] t6_3 sample 5/5
INFO:assistants.granite_qiskit_assistant:Generated sample 1/1 successfully
[T6 5/17] t6_4 sample 1/5
INFO:assistants.granite_qiskit_assistant:Generated sample 1/1 successfully
[T6 5/17] t6_4 sample 2/5
INFO:assistants.granite_qiskit_assistant:Generated sample 1/1 successfully
[T6 5/17] t6_4 sample 3/5
INFO:assistants.granite_qiskit_assistant:Generated sample 1/1 successfully
[T6 5/17] t6_4 sample 4/5
INFO:assistants.granite_qiskit_assistant:Generated sample 1/1 successfully
[T6 5/17] t6_4 sample 5/5
INFO:assistants.granite_qiskit_assistant:Generated sample 1/1 successfully
[T6 6/17] t6_5 sample 1/5
INFO:assistants.granite_qiskit_assistant:Generated sample 1/1 successfully
[T6 6/17] t6_5 sample 2/5
INFO:assistants.granite_qiskit_assistant:Generated sample 1/1 successfully
[T6 6/17] t6_5 sample 3/5
INFO:assistants.granite_qiskit_assistant:Generated sample 1/1 successfully
[T6 6/17] t6_5 sample 4/5
INFO:assistants.granite_qiskit_assistant:Generated sample 1/1 successfully
[T6 6/17] t6_5 sample 5/5
INFO:assistants.granite_qiskit_assistant:Generated sample 1/1 successfully
[T6 7/17] t6_6 sample 1/5
INFO:assistants.granite_qiskit_assistant:Generated sample 1/1 successfully
[T6 7/17] t6_6 sample 2/5
INFO:assistants.granite_qiskit_assistant:Generated sample 1/1 successfully
[T6 7/17] t6_6 sample 3/5
INFO:assistants.granite_qiskit_assistant:Generated sample 1/1 successfully
[T6 7/17] t6_6 sample 4/5
INFO:assistants.granite_qiskit_assistant:Generated sample 1/1 successfully
[T6 7/17] t6_6 sample 5/5
INFO:assistants.granite_qiskit_assistant:Generated sample 1/1 successfully
[T6 8/17] t6_7 sample 1/5
INFO:assistants.granite_qiskit_assistant:Generated sample 1/1 successfully
[T6 8/17] t6_7 sample 2/5
INFO:assistants.granite_qiskit_assistant:Generated sample 1/1 successfully
[T6 8/17] t6_7 sample 3/5
INFO:assistants.granite_qiskit_assistant:Generated sample 1/1 successfully
[T6 8/17] t6_7 sample 4/5
INFO:assistants.granite_qiskit_assistant:Generated sample 1/1 successfully
[T6 8/17] t6_7 sample 5/5
INFO:assistants.granite_qiskit_assistant:Generated sample 1/1 successfully
[T6 9/17] t6_8 sample 1/5
INFO:assistants.granite_qiskit_assistant:Generated sample 1/1 successfully
[T6 9/17] t6_8 sample 2/5
INFO:assistants.granite_qiskit_assistant:Generated sample 1/1 successfully
[T6 9/17] t6_8 sample 3/5
INFO:assistants.granite_qiskit_assistant:Generated sample 1/1 successfully
[T6 9/17] t6_8 sample 4/5
INFO:assistants.granite_qiskit_assistant:Generated sample 1/1 successfully
[T6 9/17] t6_8 sample 5/5
INFO:assistants.granite_qiskit_assistant:Generated sample 1/1 successfully
[T6 10/17] t6_9 sample 1/5
INFO:assistants.granite_qiskit_assistant:Generated sample 1/1 successfully
[T6 10/17] t6_9 sample 2/5
INFO:assistants.granite_qiskit_assistant:Generated sample 1/1 successfully
[T6 10/17] t6_9 sample 3/5
INFO:assistants.granite_qiskit_assistant:Generated sample 1/1 successfully
[T6 10/17] t6_9 sample 4/5
INFO:assistants.granite_qiskit_assistant:Generated sample 1/1 successfully
[T6 10/17] t6_9 sample 5/5
INFO:assistants.granite_qiskit_assistant:Generated sample 1/1 successfully
[T6 11/17] t6_10 sample 1/5
INFO:assistants.granite_qiskit_assistant:Generated sample 1/1 successfully
[T6 11/17] t6_10 sample 2/5
INFO:assistants.granite_qiskit_assistant:Generated sample 1/1 successfully
[T6 11/17] t6_10 sample 3/5
INFO:assistants.granite_qiskit_assistant:Generated sample 1/1 successfully
[T6 11/17] t6_10 sample 4/5
INFO:assistants.granite_qiskit_assistant:Generated sample 1/1 successfully
[T6 11/17] t6_10 sample 5/5
INFO:assistants.granite_qiskit_assistant:Generated sample 1/1 successfully
[T6 12/17] t6_11 sample 1/5
INFO:assistants.granite_qiskit_assistant:Generated sample 1/1 successfully
[T6 12/17] t6_11 sample 2/5
INFO:assistants.granite_qiskit_assistant:Generated sample 1/1 successfully
[T6 12/17] t6_11 sample 3/5
INFO:assistants.granite_qiskit_assistant:Generated sample 1/1 successfully
[T6 12/17] t6_11 sample 4/5
INFO:assistants.granite_qiskit_assistant:Generated sample 1/1 successfully
[T6 12/17] t6_11 sample 5/5
INFO:assistants.granite_qiskit_assistant:Generated sample 1/1 successfully
[T6 13/17] t6_12 sample 1/5
INFO:assistants.granite_qiskit_assistant:Generated sample 1/1 successfully
[T6 13/17] t6_12 sample 2/5
INFO:assistants.granite_qiskit_assistant:Generated sample 1/1 successfully
[T6 13/17] t6_12 sample 3/5
INFO:assistants.granite_qiskit_assistant:Generated sample 1/1 successfully
[T6 13/17] t6_12 sample 4/5
INFO:assistants.granite_qiskit_assistant:Generated sample 1/1 successfully
[T6 13/17] t6_12 sample 5/5
INFO:assistants.granite_qiskit_assistant:Generated sample 1/1 successfully
[T6 14/17] t6_13 sample 1/5
INFO:assistants.granite_qiskit_assistant:Generated sample 1/1 successfully
[T6 14/17] t6_13 sample 2/5
INFO:assistants.granite_qiskit_assistant:Generated sample 1/1 successfully
[T6 14/17] t6_13 sample 3/5
INFO:assistants.granite_qiskit_assistant:Generated sample 1/1 successfully
[T6 14/17] t6_13 sample 4/5
INFO:assistants.granite_qiskit_assistant:Generated sample 1/1 successfully
[T6 14/17] t6_13 sample 5/5
INFO:assistants.granite_qiskit_assistant:Generated sample 1/1 successfully
[T6 15/17] t6_14 sample 1/5
INFO:assistants.granite_qiskit_assistant:Generated sample 1/1 successfully
[T6 15/17] t6_14 sample 2/5
INFO:assistants.granite_qiskit_assistant:Generated sample 1/1 successfully
[T6 15/17] t6_14 sample 3/5
INFO:assistants.granite_qiskit_assistant:Generated sample 1/1 successfully
[T6 15/17] t6_14 sample 4/5
INFO:assistants.granite_qiskit_assistant:Generated sample 1/1 successfully
[T6 15/17] t6_14 sample 5/5
INFO:assistants.granite_qiskit_assistant:Generated sample 1/1 successfully
[T6 16/17] t6_15 sample 1/5
INFO:assistants.granite_qiskit_assistant:Generated sample 1/1 successfully
[T6 16/17] t6_15 sample 2/5
INFO:assistants.granite_qiskit_assistant:Generated sample 1/1 successfully
[T6 16/17] t6_15 sample 3/5
INFO:assistants.granite_qiskit_assistant:Generated sample 1/1 successfully
[T6 16/17] t6_15 sample 4/5
INFO:assistants.granite_qiskit_assistant:Generated sample 1/1 successfully
[T6 16/17] t6_15 sample 5/5
INFO:assistants.granite_qiskit_assistant:Generated sample 1/1 successfully
[T6 17/17] t6_16 sample 1/5
INFO:assistants.granite_qiskit_assistant:Generated sample 1/1 successfully
[T6 17/17] t6_16 sample 2/5
INFO:assistants.granite_qiskit_assistant:Generated sample 1/1 successfully
[T6 17/17] t6_16 sample 3/5
INFO:assistants.granite_qiskit_assistant:Generated sample 1/1 successfully
[T6 17/17] t6_16 sample 4/5
INFO:assistants.granite_qiskit_assistant:Generated sample 1/1 successfully
[T6 17/17] t6_16 sample 5/5
INFO:assistants.granite_qiskit_assistant:Generated sample 1/1 successfully
{"status": "completed", "counts": {"candidate_error": 36, "candidate_unsupported_import": 44, "empty_output": 1, "truncated": 4}, "expected_samples": 85, "fingerprint": "3e6b80fbb15b596ebda89c723494bb6398e42e88898510aa834c01b05f662933", "execution_status_counts": {"candidate_unsupported_import": 44, "candidate_error": 36, "not_executed": 5}, "unsupported_import_modules": {"qiskit.Aer": 5, "qiskit.circuit.library.QAOA": 5, "qiskit_algorithms.algorithms": 4, "qiskit.utils.QuantumInstance": 1, "qiskit.providers.aer": 1, "qiskit.algorithms": 7, "qiskit_algorithms.optimization": 4, "qiskit_optimization.algorithms.QAOA": 4, "qiskit_algorithms.MinimumVertexCover": 1, "qiskit.execute": 1, "qiskit_optimization.algorithms.MaximumCut": 1, "qiskit_algorithms.converters": 2, "qiskit_optimization.operators": 1, "qiskit_algorithms.problems": 3, "qiskit_algorithms.partition": 1, "dwave.neal": 1, "qiskit.optimization": 1, "qiskit.aqua": 1}, "pass_at_k": {"1": 0.0, "5": 0.0}, "denominator_policy": "All completed requested sample slots; empty/truncated/incomplete count as unsuccessful and retain distinct statuses. Infrastructure failures abort and are not scored."}
